
> smart-retail-os@0.0.0 build
> tsc -b && vite build

src/pages/Analytics.tsx(5,105): error TS6133: 'BarChart' is declared but its value is never read.
src/pages/Analytics.tsx(5,115): error TS6133: 'Bar' is declared but its value is never read.
src/pages/Analytics.tsx(128,23): error TS2322: Type '(val: number) => [string, string]' is not assignable to type 'Formatter<ValueType, NameType> & ((value: ValueType, name: NameType, item: TooltipPayloadEntry, index: number, payload: TooltipPayload) => ReactNode | [...])'.
  Type '(val: number) => [string, string]' is not assignable to type 'Formatter<ValueType, NameType>'.
    Types of parameters 'val' and 'value' are incompatible.
      Type 'ValueType | undefined' is not assignable to type 'number'.
        Type 'undefined' is not assignable to type 'number'.
src/pages/Analytics.tsx(148,23): error TS2322: Type '(value: number) => [string, string]' is not assignable to type 'Formatter<ValueType, NameType> & ((value: ValueType, name: NameType, item: TooltipPayloadEntry, index: number, payload: TooltipPayload) => ReactNode | [...])'.
  Type '(value: number) => [string, string]' is not assignable to type 'Formatter<ValueType, NameType>'.
    Types of parameters 'value' and 'value' are incompatible.
      Type 'ValueType | undefined' is not assignable to type 'number'.
        Type 'undefined' is not assignable to type 'number'.
src/pages/Analytics.tsx(185,57): error TS2769: No overload matches this call.
  The last overload gave the following error.
    Object literal may only specify known properties, and 'className' does not exist in type 'Partial<unknown> & Attributes'.
src/pages/EmployeeDetails.tsx(6,27): error TS6133: 'Shield' is declared but its value is never read.
src/pages/EmployeeDetails.tsx(6,58): error TS6133: 'Save' is declared but its value is never read.
src/pages/Invoices.tsx(4,47): error TS6133: 'doc' is declared but its value is never read.
src/pages/Invoices.tsx(4,52): error TS6133: 'serverTimestamp' is declared but its value is never read.
src/pages/Returns.tsx(4,57): error TS6133: 'startAfter' is declared but its value is never read.
src/pages/Returns.tsx(50,10): error TS6133: 'lastDoc' is declared but its value is never read.
src/pages/Returns.tsx(51,10): error TS6133: 'hasMore' is declared but its value is never read.
